// Jest Snapshot v1, https://goo.gl/fbAQLP

exports[`Component: HelloWorld should render correctly 1`] = `
<div>
  <h1>
    Hello World!
  </h1>
  <p>
    this is a paragraph
  </p>
  <p>
    Look at this list:
  </p>
  <ol>
    <li>
      item 
      1
    </li>
    <li>
      item 
      2
    </li>
    <li>
      item 
      3
    </li>
  </ol>
</div>
`;
